// Jest Snapshot v1, https://goo.gl/fbAQLP

exports[`BlogItem render should render usual item 1`] = `
ShallowWrapper {
  "length": 1,
  Symbol(enzyme.__root__): [Circular],
  Symbol(enzyme.__unrendered__): <BlogItem
    item={
      Object {
        "id": 3,
        "image": Object {
          "alt": "Hello, World",
          "src": "images/earth.png",
        },
        "title": "О-о-оо",
      }
    }
  />,
  Symbol(enzyme.__renderer__): Object {
    "batchedUpdates": [Function],
    "getNode": [Function],
    "render": [Function],
    "simulateEvent": [Function],
    "unmount": [Function],
  },
  Symbol(enzyme.__node__): Object {
    "instance": null,
    "key": undefined,
    "nodeType": "host",
    "props": Object {
      "children": Array [
        <Image
          alt="Hello, World"
          height="20px"
          src="images/earth.png"
          width="50px"
        />,
        <Message>
          <Link
            replace={false}
            to="/posts/3"
          />
        </Message>,
        <MetaInfo
          author="admin"
          createdAt="2000-01-01"
          updatedAt="2000-01-01"
        />,
        <Connect(Likes)
          id={3}
        />,
      ],
      "className": "blog-item",
    },
    "ref": null,
    "rendered": Array [
      Object {
        "instance": null,
        "key": undefined,
        "nodeType": "function",
        "props": Object {
          "alt": "Hello, World",
          "height": "20px",
          "src": "images/earth.png",
          "width": "50px",
        },
        "ref": null,
        "rendered": null,
        "type": [Function],
      },
      Object {
        "instance": null,
        "key": undefined,
        "nodeType": "function",
        "props": Object {
          "children": <Link
            replace={false}
            to="/posts/3"
          />,
        },
        "ref": null,
        "rendered": Object {
          "instance": null,
          "key": undefined,
          "nodeType": "class",
          "props": Object {
            "children": undefined,
            "replace": false,
            "to": "/posts/3",
          },
          "ref": null,
          "rendered": null,
          "type": [Function],
        },
        "type": [Function],
      },
      Object {
        "instance": null,
        "key": undefined,
        "nodeType": "function",
        "props": Object {
          "author": "admin",
          "createdAt": "2000-01-01",
          "updatedAt": "2000-01-01",
        },
        "ref": null,
        "rendered": null,
        "type": [Function],
      },
      Object {
        "instance": null,
        "key": undefined,
        "nodeType": "class",
        "props": Object {
          "id": 3,
        },
        "ref": null,
        "rendered": null,
        "type": [Function],
      },
    ],
    "type": "div",
  },
  Symbol(enzyme.__nodes__): Array [
    Object {
      "instance": null,
      "key": undefined,
      "nodeType": "host",
      "props": Object {
        "children": Array [
          <Image
            alt="Hello, World"
            height="20px"
            src="images/earth.png"
            width="50px"
          />,
          <Message>
            <Link
              replace={false}
              to="/posts/3"
            />
          </Message>,
          <MetaInfo
            author="admin"
            createdAt="2000-01-01"
            updatedAt="2000-01-01"
          />,
          <Connect(Likes)
            id={3}
          />,
        ],
        "className": "blog-item",
      },
      "ref": null,
      "rendered": Array [
        Object {
          "instance": null,
          "key": undefined,
          "nodeType": "function",
          "props": Object {
            "alt": "Hello, World",
            "height": "20px",
            "src": "images/earth.png",
            "width": "50px",
          },
          "ref": null,
          "rendered": null,
          "type": [Function],
        },
        Object {
          "instance": null,
          "key": undefined,
          "nodeType": "function",
          "props": Object {
            "children": <Link
              replace={false}
              to="/posts/3"
            />,
          },
          "ref": null,
          "rendered": Object {
            "instance": null,
            "key": undefined,
            "nodeType": "class",
            "props": Object {
              "children": undefined,
              "replace": false,
              "to": "/posts/3",
            },
            "ref": null,
            "rendered": null,
            "type": [Function],
          },
          "type": [Function],
        },
        Object {
          "instance": null,
          "key": undefined,
          "nodeType": "function",
          "props": Object {
            "author": "admin",
            "createdAt": "2000-01-01",
            "updatedAt": "2000-01-01",
          },
          "ref": null,
          "rendered": null,
          "type": [Function],
        },
        Object {
          "instance": null,
          "key": undefined,
          "nodeType": "class",
          "props": Object {
            "id": 3,
          },
          "ref": null,
          "rendered": null,
          "type": [Function],
        },
      ],
      "type": "div",
    },
  ],
  Symbol(enzyme.__options__): Object {
    "adapter": ReactSixteenAdapter {
      "options": Object {
        "enableComponentDidUpdateOnSetState": true,
      },
    },
  },
}
`;
